============================================================
C:\Users\anura\Desktop\Satkaam_MCQ_Solver\form_bot.py:30: FutureWarning: 

All support for the `google.generativeai` package has ended. It will no longer be receiving 
updates or bug fixes. Please switch to the `google.genai` package as soon as possible.
See README for more details:

https://github.com/google-gemini/deprecated-generative-ai-python/blob/main/README.md

  import google.generativeai as genai
Traceback (most recent call last):
  File "C:\Users\anura\Desktop\Satkaam_MCQ_Solver\form_bot.py", line 476, in <module>
    main()
  File "C:\Users\anura\Desktop\Satkaam_MCQ_Solver\form_bot.py", line 446, in main
    print("  Google Form Auto-Filler Bot  \U0001f916")
  File "C:\Users\anura\AppData\Local\Programs\Python\Python311\Lib\encodings\cp1252.py", line 19, in encode
    return codecs.charmap_encode(input,self.errors,encoding_table)[0]
           ^^^^^^^^^^^^^^^^^^^^^^^^^^^^^^^^^^^^^^^^^^^^^^^^^^^^^^^
UnicodeEncodeError: 'charmap' codec can't encode character '\U0001f916' in position 31: character maps to <undefined>
